// Jest Snapshot v1, https://goo.gl/fbAQLP

exports[`<PasswordReset /> matches snapshot 1`] = `
<div
  className="row"
>
  <div
    className="col-sm-3"
  />
  <div
    className="col-sm-6"
  >
    <div
      className="reset_pass"
    >
      <Errors
        errors={Array []}
      />
      <h6>
        message
      </h6>
      <form
        onSubmit={[MockFunction]}
      >
        <div
          className="form-group"
        >
          <h5>
            Create Password
          </h5>
          <input
            className="form-control"
            name="password"
            onChange={[MockFunction]}
            placeholder="new password"
            type="password"
            value=""
          />
          <input
            className="form-control"
            name="password2"
            onChange={[MockFunction]}
            placeholder="confirm password"
            type="password"
            value=""
          />
          <input
            className="form-control login-btn btn btn-primary"
            type="submit"
          />
        </div>
      </form>
    </div>
  </div>
  <div
    className="col-sm-3"
  />
</div>
`;
