// Jest Snapshot v1, https://goo.gl/fbAQLP

exports[`<Router /> matches snapshot 1`] = `
Array [
  <div
    class="Toastify"
  />,
  <nav
    class="navbar navbar-expand-lg navbar-dark"
  >
    <button
      aria-controls="navbarTogglerDemo01"
      aria-expanded="false"
      aria-label="Toggle navigation"
      class="navbar-toggler nav-button"
      data-target="#navbarTogglerah"
      data-toggle="collapse"
      type="button"
    >
      <span
        class="navbar-toggler-icon"
      />
    </button>
    <div
      class="collapse navbar-collapse"
      id="navbarTogglerah"
    >
      <ul
        class="navbar-nav mr-auto mt-2 mt-lg-0"
      >
        <li
          class="nav-item active"
        >
          <a
            class="nav-link"
            href="/"
          >
            Home
          </a>
        </li>
      </ul>
      <ul
        class="navbar-nav ml-2 "
      >
        <li
          class="nav-item"
        >
          <a
            class="nav-link"
            href="/login"
          >
            Login 
          </a>
        </li>
        <li
          class="nav-item"
        >
          <a
            class="nav-link nav-link-active"
            href="/signup"
          >
            Signup 
          </a>
        </li>
      </ul>
    </div>
  </nav>,
  <img
    alt="Banner"
    class="banner-img"
    src="ah_banner.png"
  />,
]
`;
